{"level":"INFO","message":"[10:34:19.867 AM]: Creating new connection object"}
{"level":"INFO","message":"[10:34:19.934 AM]: Creating Connection[id: 94edccc7-c058-4f3f-a339-e9013bf0847a] with host: IVQHTTE-ON66213.snowflakecomputing.com, account: IVQHTTE-ON66213, accessUrl: https://IVQHTTE-ON66213.snowflakecomputing.com, user: DHEESNOWFLAKE, role: undefined, database: PRACTICE_DB, schema: PUBLIC, warehouse: COMPUTE_WH, proxy was not configured, password is provided, region: undefined, authenticator: SNOWFLAKE, ocsp mode: FAIL_OPEN, os: win32, os version: 10.0.26100"}
{"level":"INFO","message":"[10:34:19.937 AM]: Connection[id: 94edccc7-c058-4f3f-a339-e9013bf0847a] additional details: passcode in password is provided, passcode is not provided, private key is not provided, application: undefined, client name: snowflake-sdk, client version: 2.3.4, retry timeout: 300, private key path: undefined, private key pass is not provided, client store temporary credential: false, browser response timeout: 120000"}
{"level":"INFO","message":"[10:34:19.940 AM]: Connection[id: 94edccc7-c058-4f3f-a339-e9013bf0847a] - connection object created successfully."}
{"level":"INFO","message":"[10:34:19.943 AM]: Connection[id: 94edccc7-c058-4f3f-a339-e9013bf0847a] - connecting. Associated Snowflake domain: GLOBAL"}
{"level":"INFO","message":"[10:34:19.945 AM]: Connection[id: 94edccc7-c058-4f3f-a339-e9013bf0847a] - authentication successful using: SNOWFLAKE"}
{"level":"INFO","message":"[10:34:19.948 AM]: Trying to initialize Easy Logging"}
{"level":"INFO","message":"[10:34:20.062 AM]: Creating new connection object"}
{"level":"INFO","message":"[10:34:20.065 AM]: Creating Connection[id: 3c7a1c95-6592-4f96-bf26-89b66c363135] with host: IVQHTTE-ON66213.snowflakecomputing.com, account: IVQHTTE-ON66213, accessUrl: https://IVQHTTE-ON66213.snowflakecomputing.com, user: DHEESNOWFLAKE, role: undefined, database: PRACTICE_DB, schema: PUBLIC, warehouse: COMPUTE_WH, proxy was not configured, password is provided, region: undefined, authenticator: SNOWFLAKE, ocsp mode: FAIL_OPEN, os: win32, os version: 10.0.26100"}
{"level":"INFO","message":"[10:34:20.068 AM]: Connection[id: 3c7a1c95-6592-4f96-bf26-89b66c363135] additional details: passcode in password is provided, passcode is not provided, private key is not provided, application: undefined, client name: snowflake-sdk, client version: 2.3.4, retry timeout: 300, private key path: undefined, private key pass is not provided, client store temporary credential: false, browser response timeout: 120000"}
{"level":"INFO","message":"[10:34:20.069 AM]: Connection[id: 3c7a1c95-6592-4f96-bf26-89b66c363135] - connection object created successfully."}
{"level":"INFO","message":"[10:34:20.070 AM]: Connection[id: 3c7a1c95-6592-4f96-bf26-89b66c363135] - connecting. Associated Snowflake domain: GLOBAL"}
{"level":"INFO","message":"[10:34:20.071 AM]: Connection[id: 3c7a1c95-6592-4f96-bf26-89b66c363135] - authentication successful using: SNOWFLAKE"}
{"level":"INFO","message":"[10:34:20.071 AM]: Trying to initialize Easy Logging"}
{"level":"INFO","message":"[10:34:20.082 AM]: No client config detected."}
{"level":"INFO","message":"[10:34:20.084 AM]: No config file path found. Client config will not be used."}
{"level":"INFO","message":"[10:34:20.084 AM]: Easy Logging is disabled as no config has been found"}
{"level":"INFO","message":"[10:34:20.178 AM]: No client config detected."}
{"level":"INFO","message":"[10:34:20.179 AM]: No config file path found. Client config will not be used."}
{"level":"INFO","message":"[10:34:20.180 AM]: Easy Logging is disabled as no config has been found"}
{"level":"INFO","message":"[10:34:23.129 AM]: Connection[id: 94edccc7-c058-4f3f-a339-e9013bf0847a] - connection established successfully after 3186.86 milliseconds"}
{"level":"INFO","message":"[10:34:23.149 AM]: Connection[id: 3c7a1c95-6592-4f96-bf26-89b66c363135] - connection established successfully after 3079.3 milliseconds"}
{"level":"INFO","message":"[10:34:27.675 AM]: Creating new connection object"}
{"level":"INFO","message":"[10:34:27.678 AM]: Creating Connection[id: 3577232a-01fd-4da9-9f6a-1a9726031fb0] with host: IVQHTTE-ON66213.snowflakecomputing.com, account: IVQHTTE-ON66213, accessUrl: https://IVQHTTE-ON66213.snowflakecomputing.com, user: DHEESNOWFLAKE, role: undefined, database: PRACTICE_DB, schema: PUBLIC, warehouse: COMPUTE_WH, proxy was not configured, password is provided, region: undefined, authenticator: SNOWFLAKE, ocsp mode: FAIL_OPEN, os: win32, os version: 10.0.26100"}
{"level":"INFO","message":"[10:34:27.679 AM]: Connection[id: 3577232a-01fd-4da9-9f6a-1a9726031fb0] additional details: passcode in password is provided, passcode is not provided, private key is not provided, application: undefined, client name: snowflake-sdk, client version: 2.3.4, retry timeout: 300, private key path: undefined, private key pass is not provided, client store temporary credential: false, browser response timeout: 120000"}
{"level":"INFO","message":"[10:34:27.680 AM]: Connection[id: 3577232a-01fd-4da9-9f6a-1a9726031fb0] - connection object created successfully."}
{"level":"INFO","message":"[10:34:27.681 AM]: Connection[id: 3577232a-01fd-4da9-9f6a-1a9726031fb0] - connecting. Associated Snowflake domain: GLOBAL"}
{"level":"INFO","message":"[10:34:27.681 AM]: Connection[id: 3577232a-01fd-4da9-9f6a-1a9726031fb0] - authentication successful using: SNOWFLAKE"}
{"level":"INFO","message":"[10:34:28.044 AM]: Connection[id: 3577232a-01fd-4da9-9f6a-1a9726031fb0] - connection established successfully after 363.29 milliseconds"}
{"level":"INFO","message":"[10:34:58.294 AM]: Creating new connection object"}
{"level":"INFO","message":"[10:34:58.297 AM]: Creating Connection[id: eef7a0e6-5891-4b3a-95d6-a05b2ba3adce] with host: IVQHTTE-ON66213.snowflakecomputing.com, account: IVQHTTE-ON66213, accessUrl: https://IVQHTTE-ON66213.snowflakecomputing.com, user: DHEESNOWFLAKE, role: undefined, database: PRACTICE_DB, schema: PUBLIC, warehouse: COMPUTE_WH, proxy was not configured, password is provided, region: undefined, authenticator: SNOWFLAKE, ocsp mode: FAIL_OPEN, os: win32, os version: 10.0.26100"}
{"level":"INFO","message":"[10:34:58.298 AM]: Connection[id: eef7a0e6-5891-4b3a-95d6-a05b2ba3adce] additional details: passcode in password is provided, passcode is not provided, private key is not provided, application: undefined, client name: snowflake-sdk, client version: 2.3.4, retry timeout: 300, private key path: undefined, private key pass is not provided, client store temporary credential: false, browser response timeout: 120000"}
{"level":"INFO","message":"[10:34:58.299 AM]: Connection[id: eef7a0e6-5891-4b3a-95d6-a05b2ba3adce] - connection object created successfully."}
{"level":"INFO","message":"[10:34:58.300 AM]: Connection[id: eef7a0e6-5891-4b3a-95d6-a05b2ba3adce] - connecting. Associated Snowflake domain: GLOBAL"}
{"level":"INFO","message":"[10:34:58.300 AM]: Connection[id: eef7a0e6-5891-4b3a-95d6-a05b2ba3adce] - authentication successful using: SNOWFLAKE"}
{"level":"INFO","message":"[10:34:59.172 AM]: Connection[id: eef7a0e6-5891-4b3a-95d6-a05b2ba3adce] - connection established successfully after 872.05 milliseconds"}
{"level":"INFO","message":"[10:36:40.921 AM]: Creating new connection object"}
{"level":"INFO","message":"[10:36:40.925 AM]: Creating Connection[id: f662e0ab-e6ad-4f97-b64b-f6dbc413d339] with host: IVQHTTE-ON66213.snowflakecomputing.com, account: IVQHTTE-ON66213, accessUrl: https://IVQHTTE-ON66213.snowflakecomputing.com, user: DHEESNOWFLAKE, role: undefined, database: PRACTICE_DB, schema: PUBLIC, warehouse: COMPUTE_WH, proxy was not configured, password is provided, region: undefined, authenticator: SNOWFLAKE, ocsp mode: FAIL_OPEN, os: win32, os version: 10.0.26100"}
{"level":"INFO","message":"[10:36:40.926 AM]: Connection[id: f662e0ab-e6ad-4f97-b64b-f6dbc413d339] additional details: passcode in password is provided, passcode is not provided, private key is not provided, application: undefined, client name: snowflake-sdk, client version: 2.3.4, retry timeout: 300, private key path: undefined, private key pass is not provided, client store temporary credential: false, browser response timeout: 120000"}
{"level":"INFO","message":"[10:36:40.927 AM]: Connection[id: f662e0ab-e6ad-4f97-b64b-f6dbc413d339] - connection object created successfully."}
{"level":"INFO","message":"[10:36:40.927 AM]: Connection[id: f662e0ab-e6ad-4f97-b64b-f6dbc413d339] - connecting. Associated Snowflake domain: GLOBAL"}
{"level":"INFO","message":"[10:36:40.928 AM]: Connection[id: f662e0ab-e6ad-4f97-b64b-f6dbc413d339] - authentication successful using: SNOWFLAKE"}
{"level":"INFO","message":"[10:36:41.994 AM]: Connection[id: f662e0ab-e6ad-4f97-b64b-f6dbc413d339] - connection established successfully after 1066.33 milliseconds"}
{"level":"INFO","message":"[10:37:09.839 AM]: Creating new connection object"}
{"level":"INFO","message":"[10:37:09.842 AM]: Creating Connection[id: 8a4666bd-da48-49f6-8d99-7f8edd5ff5f2] with host: IVQHTTE-ON66213.snowflakecomputing.com, account: IVQHTTE-ON66213, accessUrl: https://IVQHTTE-ON66213.snowflakecomputing.com, user: DHEESNOWFLAKE, role: undefined, database: PRACTICE_DB, schema: PUBLIC, warehouse: COMPUTE_WH, proxy was not configured, password is provided, region: undefined, authenticator: SNOWFLAKE, ocsp mode: FAIL_OPEN, os: win32, os version: 10.0.26100"}
{"level":"INFO","message":"[10:37:09.842 AM]: Connection[id: 8a4666bd-da48-49f6-8d99-7f8edd5ff5f2] additional details: passcode in password is provided, passcode is not provided, private key is not provided, application: undefined, client name: snowflake-sdk, client version: 2.3.4, retry timeout: 300, private key path: undefined, private key pass is not provided, client store temporary credential: false, browser response timeout: 120000"}
{"level":"INFO","message":"[10:37:09.843 AM]: Connection[id: 8a4666bd-da48-49f6-8d99-7f8edd5ff5f2] - connection object created successfully."}
{"level":"INFO","message":"[10:37:09.844 AM]: Connection[id: 8a4666bd-da48-49f6-8d99-7f8edd5ff5f2] - connecting. Associated Snowflake domain: GLOBAL"}
{"level":"INFO","message":"[10:37:09.845 AM]: Connection[id: 8a4666bd-da48-49f6-8d99-7f8edd5ff5f2] - authentication successful using: SNOWFLAKE"}
{"level":"INFO","message":"[10:37:10.975 AM]: Connection[id: 8a4666bd-da48-49f6-8d99-7f8edd5ff5f2] - connection established successfully after 1131.29 milliseconds"}
{"level":"INFO","message":"[10:37:31.172 AM]: Creating new connection object"}
{"level":"INFO","message":"[10:37:31.176 AM]: Creating Connection[id: 4a920acc-2db7-4267-b576-436d70b031c5] with host: IVQHTTE-ON66213.snowflakecomputing.com, account: IVQHTTE-ON66213, accessUrl: https://IVQHTTE-ON66213.snowflakecomputing.com, user: DHEESNOWFLAKE, role: undefined, database: PRACTICE_DB, schema: PUBLIC, warehouse: COMPUTE_WH, proxy was not configured, password is provided, region: undefined, authenticator: SNOWFLAKE, ocsp mode: FAIL_OPEN, os: win32, os version: 10.0.26100"}
{"level":"INFO","message":"[10:37:31.177 AM]: Connection[id: 4a920acc-2db7-4267-b576-436d70b031c5] additional details: passcode in password is provided, passcode is not provided, private key is not provided, application: undefined, client name: snowflake-sdk, client version: 2.3.4, retry timeout: 300, private key path: undefined, private key pass is not provided, client store temporary credential: false, browser response timeout: 120000"}
{"level":"INFO","message":"[10:37:31.178 AM]: Connection[id: 4a920acc-2db7-4267-b576-436d70b031c5] - connection object created successfully."}
{"level":"INFO","message":"[10:37:31.178 AM]: Connection[id: 4a920acc-2db7-4267-b576-436d70b031c5] - connecting. Associated Snowflake domain: GLOBAL"}
{"level":"INFO","message":"[10:37:31.179 AM]: Connection[id: 4a920acc-2db7-4267-b576-436d70b031c5] - authentication successful using: SNOWFLAKE"}
{"level":"INFO","message":"[10:37:32.274 AM]: Connection[id: 4a920acc-2db7-4267-b576-436d70b031c5] - connection established successfully after 1095.81 milliseconds"}
{"level":"INFO","message":"[10:39:23.475 AM]: Creating new connection object"}
{"level":"INFO","message":"[10:39:23.478 AM]: Creating Connection[id: 59ef8a4f-abe5-4624-ab33-8ec670660b08] with host: IVQHTTE-ON66213.snowflakecomputing.com, account: IVQHTTE-ON66213, accessUrl: https://IVQHTTE-ON66213.snowflakecomputing.com, user: DHEESNOWFLAKE, role: undefined, database: PRACTICE_DB, schema: PUBLIC, warehouse: COMPUTE_WH, proxy was not configured, password is provided, region: undefined, authenticator: SNOWFLAKE, ocsp mode: FAIL_OPEN, os: win32, os version: 10.0.26100"}
{"level":"INFO","message":"[10:39:23.479 AM]: Connection[id: 59ef8a4f-abe5-4624-ab33-8ec670660b08] additional details: passcode in password is provided, passcode is not provided, private key is not provided, application: undefined, client name: snowflake-sdk, client version: 2.3.4, retry timeout: 300, private key path: undefined, private key pass is not provided, client store temporary credential: false, browser response timeout: 120000"}
{"level":"INFO","message":"[10:39:23.479 AM]: Connection[id: 59ef8a4f-abe5-4624-ab33-8ec670660b08] - connection object created successfully."}
{"level":"INFO","message":"[10:39:23.480 AM]: Connection[id: 59ef8a4f-abe5-4624-ab33-8ec670660b08] - connecting. Associated Snowflake domain: GLOBAL"}
{"level":"INFO","message":"[10:39:23.481 AM]: Connection[id: 59ef8a4f-abe5-4624-ab33-8ec670660b08] - authentication successful using: SNOWFLAKE"}
{"level":"INFO","message":"[10:39:23.599 AM]: Creating new connection object"}
{"level":"INFO","message":"[10:39:23.602 AM]: Creating Connection[id: d8e01eeb-409d-4db8-981f-1a96ff2deb06] with host: IVQHTTE-ON66213.snowflakecomputing.com, account: IVQHTTE-ON66213, accessUrl: https://IVQHTTE-ON66213.snowflakecomputing.com, user: DHEESNOWFLAKE, role: undefined, database: PRACTICE_DB, schema: PUBLIC, warehouse: COMPUTE_WH, proxy was not configured, password is provided, region: undefined, authenticator: SNOWFLAKE, ocsp mode: FAIL_OPEN, os: win32, os version: 10.0.26100"}
{"level":"INFO","message":"[10:39:23.603 AM]: Connection[id: d8e01eeb-409d-4db8-981f-1a96ff2deb06] additional details: passcode in password is provided, passcode is not provided, private key is not provided, application: undefined, client name: snowflake-sdk, client version: 2.3.4, retry timeout: 300, private key path: undefined, private key pass is not provided, client store temporary credential: false, browser response timeout: 120000"}
{"level":"INFO","message":"[10:39:23.604 AM]: Connection[id: d8e01eeb-409d-4db8-981f-1a96ff2deb06] - connection object created successfully."}
{"level":"INFO","message":"[10:39:23.605 AM]: Connection[id: d8e01eeb-409d-4db8-981f-1a96ff2deb06] - connecting. Associated Snowflake domain: GLOBAL"}
{"level":"INFO","message":"[10:39:23.606 AM]: Connection[id: d8e01eeb-409d-4db8-981f-1a96ff2deb06] - authentication successful using: SNOWFLAKE"}
{"level":"INFO","message":"[10:39:24.892 AM]: Connection[id: 59ef8a4f-abe5-4624-ab33-8ec670660b08] - connection established successfully after 1411.88 milliseconds"}
{"level":"INFO","message":"[10:39:25.838 AM]: Connection[id: d8e01eeb-409d-4db8-981f-1a96ff2deb06] - connection established successfully after 2232.86 milliseconds"}
{"level":"INFO","message":"[10:39:28.989 AM]: Creating new connection object"}
{"level":"INFO","message":"[10:39:28.992 AM]: Creating Connection[id: 567586fc-f8ad-4c12-a633-7e388f71976a] with host: IVQHTTE-ON66213.snowflakecomputing.com, account: IVQHTTE-ON66213, accessUrl: https://IVQHTTE-ON66213.snowflakecomputing.com, user: DHEESNOWFLAKE, role: undefined, database: PRACTICE_DB, schema: PUBLIC, warehouse: COMPUTE_WH, proxy was not configured, password is provided, region: undefined, authenticator: SNOWFLAKE, ocsp mode: FAIL_OPEN, os: win32, os version: 10.0.26100"}
{"level":"INFO","message":"[10:39:28.992 AM]: Connection[id: 567586fc-f8ad-4c12-a633-7e388f71976a] additional details: passcode in password is provided, passcode is not provided, private key is not provided, application: undefined, client name: snowflake-sdk, client version: 2.3.4, retry timeout: 300, private key path: undefined, private key pass is not provided, client store temporary credential: false, browser response timeout: 120000"}
{"level":"INFO","message":"[10:39:28.993 AM]: Connection[id: 567586fc-f8ad-4c12-a633-7e388f71976a] - connection object created successfully."}
{"level":"INFO","message":"[10:39:28.994 AM]: Connection[id: 567586fc-f8ad-4c12-a633-7e388f71976a] - connecting. Associated Snowflake domain: GLOBAL"}
{"level":"INFO","message":"[10:39:28.994 AM]: Connection[id: 567586fc-f8ad-4c12-a633-7e388f71976a] - authentication successful using: SNOWFLAKE"}
{"level":"INFO","message":"[10:39:29.197 AM]: Connection[id: 567586fc-f8ad-4c12-a633-7e388f71976a] - connection established successfully after 203.08 milliseconds"}
{"level":"INFO","message":"[10:53:18.732 AM]: Creating new connection object"}
{"level":"INFO","message":"[10:53:18.740 AM]: Creating Connection[id: 917c4e9e-7908-4e6d-968f-e1b9c8868e2c] with host: IVQHTTE-ON66213.snowflakecomputing.com, account: IVQHTTE-ON66213, accessUrl: https://IVQHTTE-ON66213.snowflakecomputing.com, user: DHEESNOWFLAKE, role: undefined, database: PRACTICE_DB, schema: PUBLIC, warehouse: COMPUTE_WH, proxy was not configured, password is provided, region: undefined, authenticator: SNOWFLAKE, ocsp mode: FAIL_OPEN, os: win32, os version: 10.0.26100"}
{"level":"INFO","message":"[10:53:18.741 AM]: Connection[id: 917c4e9e-7908-4e6d-968f-e1b9c8868e2c] additional details: passcode in password is provided, passcode is not provided, private key is not provided, application: undefined, client name: snowflake-sdk, client version: 2.3.4, retry timeout: 300, private key path: undefined, private key pass is not provided, client store temporary credential: false, browser response timeout: 120000"}
{"level":"INFO","message":"[10:53:18.742 AM]: Connection[id: 917c4e9e-7908-4e6d-968f-e1b9c8868e2c] - connection object created successfully."}
{"level":"INFO","message":"[10:53:18.742 AM]: Connection[id: 917c4e9e-7908-4e6d-968f-e1b9c8868e2c] - connecting. Associated Snowflake domain: GLOBAL"}
{"level":"INFO","message":"[10:53:18.743 AM]: Connection[id: 917c4e9e-7908-4e6d-968f-e1b9c8868e2c] - authentication successful using: SNOWFLAKE"}
{"level":"INFO","message":"[10:53:48.582 AM]: Creating new connection object"}
{"level":"INFO","message":"[10:53:48.584 AM]: Creating Connection[id: e4fbe985-c10a-49ff-8f08-93d317545b10] with host: IVQHTTE-ON66213.snowflakecomputing.com, account: IVQHTTE-ON66213, accessUrl: https://IVQHTTE-ON66213.snowflakecomputing.com, user: DHEESNOWFLAKE, role: undefined, database: PRACTICE_DB, schema: PUBLIC, warehouse: COMPUTE_WH, proxy was not configured, password is provided, region: undefined, authenticator: SNOWFLAKE, ocsp mode: FAIL_OPEN, os: win32, os version: 10.0.26100"}
{"level":"INFO","message":"[10:53:48.584 AM]: Connection[id: e4fbe985-c10a-49ff-8f08-93d317545b10] additional details: passcode in password is provided, passcode is not provided, private key is not provided, application: undefined, client name: snowflake-sdk, client version: 2.3.4, retry timeout: 300, private key path: undefined, private key pass is not provided, client store temporary credential: false, browser response timeout: 120000"}
{"level":"INFO","message":"[10:53:48.585 AM]: Connection[id: e4fbe985-c10a-49ff-8f08-93d317545b10] - connection object created successfully."}
{"level":"INFO","message":"[10:53:48.585 AM]: Connection[id: e4fbe985-c10a-49ff-8f08-93d317545b10] - connecting. Associated Snowflake domain: GLOBAL"}
{"level":"INFO","message":"[10:53:48.585 AM]: Connection[id: e4fbe985-c10a-49ff-8f08-93d317545b10] - authentication successful using: SNOWFLAKE"}
{"level":"INFO","message":"[10:54:02.292 AM]: Connection[id: e4fbe985-c10a-49ff-8f08-93d317545b10] - connection established successfully after 13706.69 milliseconds"}
{"level":"INFO","message":"[10:54:15.088 AM]: Creating new connection object"}
{"level":"INFO","message":"[10:54:15.090 AM]: Creating Connection[id: 18fcd413-9824-47a7-800b-2eb1020342a4] with host: IVQHTTE-ON66213.snowflakecomputing.com, account: IVQHTTE-ON66213, accessUrl: https://IVQHTTE-ON66213.snowflakecomputing.com, user: DHEESNOWFLAKE, role: undefined, database: PRACTICE_DB, schema: PUBLIC, warehouse: COMPUTE_WH, proxy was not configured, password is provided, region: undefined, authenticator: SNOWFLAKE, ocsp mode: FAIL_OPEN, os: win32, os version: 10.0.26100"}
{"level":"INFO","message":"[10:54:15.091 AM]: Connection[id: 18fcd413-9824-47a7-800b-2eb1020342a4] additional details: passcode in password is provided, passcode is not provided, private key is not provided, application: undefined, client name: snowflake-sdk, client version: 2.3.4, retry timeout: 300, private key path: undefined, private key pass is not provided, client store temporary credential: false, browser response timeout: 120000"}
{"level":"INFO","message":"[10:54:15.092 AM]: Connection[id: 18fcd413-9824-47a7-800b-2eb1020342a4] - connection object created successfully."}
{"level":"INFO","message":"[10:54:15.093 AM]: Connection[id: 18fcd413-9824-47a7-800b-2eb1020342a4] - connecting. Associated Snowflake domain: GLOBAL"}
{"level":"INFO","message":"[10:54:15.093 AM]: Connection[id: 18fcd413-9824-47a7-800b-2eb1020342a4] - authentication successful using: SNOWFLAKE"}
{"level":"INFO","message":"[10:54:15.997 AM]: Connection[id: 18fcd413-9824-47a7-800b-2eb1020342a4] - connection established successfully after 904.09 milliseconds"}
{"level":"INFO","message":"[10:54:49.616 AM]: Connection[id: 917c4e9e-7908-4e6d-968f-e1b9c8868e2c] - connection established successfully after 90874.08 milliseconds"}
